  Cube.cpp
  GLUTCallbacks.cpp
C:\Users\g014150o\Documents\graphicsassignment-3\HelloGL\HelloGL\Cube.cpp(22,16): warning C4244: '=': conversion from 'int' to 'float', possible loss of data
C:\Users\g014150o\Documents\graphicsassignment-3\HelloGL\HelloGL\Cube.cpp(23,16): warning C4244: '=': conversion from 'int' to 'float', possible loss of data
C:\Users\g014150o\Documents\graphicsassignment-3\HelloGL\HelloGL\Cube.cpp(24,16): warning C4244: '=': conversion from 'int' to 'float', possible loss of data
  HelloGL.cpp
C:\Users\g014150o\Documents\graphicsassignment-3\HelloGL\HelloGL\HelloGL.cpp(14,107): warning C4244: 'argument': conversion from 'float' to 'int', possible loss of data
C:\Users\g014150o\Documents\graphicsassignment-3\HelloGL\HelloGL\HelloGL.cpp(14,81): warning C4244: 'argument': conversion from 'float' to 'int', possible loss of data
C:\Users\g014150o\Documents\graphicsassignment-3\HelloGL\HelloGL\HelloGL.cpp(14,47): warning C4244: 'argument': conversion from 'float' to 'int', possible loss of data
C:\Users\g014150o\Documents\graphicsassignment-3\HelloGL\HelloGL\HelloGL.cpp(53,2): warning C4156: deletion of an array expression without using the array form of 'delete'; array form substituted
C:\Users\g014150o\Documents\graphicsassignment-3\HelloGL\HelloGL\HelloGL.cpp(53,2): warning C4154: deletion of an array expression; conversion to pointer supplied
  main.cpp
  Generating Code...
  LINK : C:\Users\g014150o\Documents\graphicsassignment-3\HelloGL\x64\Debug\HelloGL.exe not found or not built by the last incremental link; performing full link
GLUTCallbacks.obj : error LNK2019: unresolved external symbol __imp_glutTimerFunc referenced in function "void __cdecl GLUTCallbacks::Timer(int)" (?Timer@GLUTCallbacks@@YAXH@Z)
HelloGL.obj : error LNK2001: unresolved external symbol __imp_glutTimerFunc
GLUTCallbacks.obj : error LNK2019: unresolved external symbol __imp_glutGet referenced in function "void __cdecl GLUTCallbacks::Timer(int)" (?Timer@GLUTCallbacks@@YAXH@Z)
HelloGL.obj : error LNK2019: unresolved external symbol __imp_glutInitDisplayMode referenced in function "public: __cdecl HelloGL::HelloGL(int,char * * const)" (??0HelloGL@@QEAA@HQEAPEAD@Z)
HelloGL.obj : error LNK2019: unresolved external symbol __imp_glutMainLoop referenced in function "public: __cdecl HelloGL::HelloGL(int,char * * const)" (??0HelloGL@@QEAA@HQEAPEAD@Z)
HelloGL.obj : error LNK2019: unresolved external symbol __imp_glutPostRedisplay referenced in function "public: void __cdecl HelloGL::Update(void)" (?Update@HelloGL@@QEAAXXZ)
HelloGL.obj : error LNK2019: unresolved external symbol __imp_glutSwapBuffers referenced in function "public: void __cdecl HelloGL::Display(void)" (?Display@HelloGL@@QEAAXXZ)
HelloGL.obj : error LNK2019: unresolved external symbol __imp_glutKeyboardFunc referenced in function "public: __cdecl HelloGL::HelloGL(int,char * * const)" (??0HelloGL@@QEAA@HQEAPEAD@Z)
HelloGL.obj : error LNK2019: unresolved external symbol __imp_glutDisplayFunc referenced in function "public: __cdecl HelloGL::HelloGL(int,char * * const)" (??0HelloGL@@QEAA@HQEAPEAD@Z)
HelloGL.obj : error LNK2019: unresolved external symbol __imp___glutInitWithExit referenced in function glutInit_ATEXIT_HACK
HelloGL.obj : error LNK2019: unresolved external symbol __imp___glutCreateWindowWithExit referenced in function glutCreateWindow_ATEXIT_HACK
freeglut.lib : warning LNK4272: library machine type 'x86' conflicts with target machine type 'x64'
C:\Users\g014150o\Documents\graphicsassignment-3\HelloGL\x64\Debug\HelloGL.exe : fatal error LNK1120: 10 unresolved externals
